Using launch settings from C:\Users\Rabuno\Documents\AHihi\Aivora-Backend\Aivora.api\Properties\launchSettings.json...
Building...
C:\Program Files\dotnet\sdk\10.0.300\Microsoft.Common.CurrentVersion.targets(2453,5): warning MSB3277: Found conflicts between different versions of "Microsoft.EntityFrameworkCore.Relational" that could not be resolved. [C:\Users\Rabuno\Documents\AHihi\Aivora-Backend\Aivora.Services\Aivora.Services.csproj]
C:\Program Files\dotnet\sdk\10.0.300\Microsoft.Common.CurrentVersion.targets(2453,5): warning MSB3277: There was a conflict between "Microsoft.EntityFrameworkCore.Relational, Version=10.0.4.0, Culture=neutral, PublicKeyToken=adb9793829ddae60" and "Microsoft.EntityFrameworkCore.Relational, Version=10.0.8.0, Culture=neutral, PublicKeyToken=adb9793829ddae60". [C:\Users\Rabuno\Documents\AHihi\Aivora-Backend\Aivora.Services\Aivora.Services.csproj]
C:\Program Files\dotnet\sdk\10.0.300\Microsoft.Common.CurrentVersion.targets(2453,5): warning MSB3277:     "Microsoft.EntityFrameworkCore.Relational, Version=10.0.4.0, Culture=neutral, PublicKeyToken=adb9793829ddae60" was chosen because it was primary and "Microsoft.EntityFrameworkCore.Relational, Version=10.0.8.0, Culture=neutral, PublicKeyToken=adb9793829ddae60" was not. [C:\Users\Rabuno\Documents\AHihi\Aivora-Backend\Aivora.Services\Aivora.Services.csproj]
C:\Program Files\dotnet\sdk\10.0.300\Microsoft.Common.CurrentVersion.targets(2453,5): warning MSB3277:     References which depend on "Microsoft.EntityFrameworkCore.Relational, Version=10.0.4.0, Culture=neutral, PublicKeyToken=adb9793829ddae60" [C:\Users\Rabuno\.nuget\packages\microsoft.entityframeworkcore.relational\10.0.4\lib\net10.0\Microsoft.EntityFrameworkCore.Relational.dll]. [C:\Users\Rabuno\Documents\AHihi\Aivora-Backend\Aivora.Services\Aivora.Services.csproj]
C:\Program Files\dotnet\sdk\10.0.300\Microsoft.Common.CurrentVersion.targets(2453,5): warning MSB3277:         C:\Users\Rabuno\.nuget\packages\microsoft.entityframeworkcore.relational\10.0.4\lib\net10.0\Microsoft.EntityFrameworkCore.Relational.dll [C:\Users\Rabuno\Documents\AHihi\Aivora-Backend\Aivora.Services\Aivora.Services.csproj]
C:\Program Files\dotnet\sdk\10.0.300\Microsoft.Common.CurrentVersion.targets(2453,5): warning MSB3277:           Project file item includes which caused reference "C:\Users\Rabuno\.nuget\packages\microsoft.entityframeworkcore.relational\10.0.4\lib\net10.0\Microsoft.EntityFrameworkCore.Relational.dll". [C:\Users\Rabuno\Documents\AHihi\Aivora-Backend\Aivora.Services\Aivora.Services.csproj]
C:\Program Files\dotnet\sdk\10.0.300\Microsoft.Common.CurrentVersion.targets(2453,5): warning MSB3277:             C:\Users\Rabuno\.nuget\packages\microsoft.entityframeworkcore.relational\10.0.4\lib\net10.0\Microsoft.EntityFrameworkCore.Relational.dll [C:\Users\Rabuno\Documents\AHihi\Aivora-Backend\Aivora.Services\Aivora.Services.csproj]
C:\Program Files\dotnet\sdk\10.0.300\Microsoft.Common.CurrentVersion.targets(2453,5): warning MSB3277:     References which depend on or have been unified to "Microsoft.EntityFrameworkCore.Relational, Version=10.0.8.0, Culture=neutral, PublicKeyToken=adb9793829ddae60" []. [C:\Users\Rabuno\Documents\AHihi\Aivora-Backend\Aivora.Services\Aivora.Services.csproj]
C:\Program Files\dotnet\sdk\10.0.300\Microsoft.Common.CurrentVersion.targets(2453,5): warning MSB3277:         C:\Users\Rabuno\Documents\AHihi\Aivora-Backend\Aivora.Repositories\bin\Debug\net10.0\Aivora.Repositories.dll [C:\Users\Rabuno\Documents\AHihi\Aivora-Backend\Aivora.Services\Aivora.Services.csproj]
C:\Program Files\dotnet\sdk\10.0.300\Microsoft.Common.CurrentVersion.targets(2453,5): warning MSB3277:           Project file item includes which caused reference "C:\Users\Rabuno\Documents\AHihi\Aivora-Backend\Aivora.Repositories\bin\Debug\net10.0\Aivora.Repositories.dll". [C:\Users\Rabuno\Documents\AHihi\Aivora-Backend\Aivora.Services\Aivora.Services.csproj]
C:\Program Files\dotnet\sdk\10.0.300\Microsoft.Common.CurrentVersion.targets(2453,5): warning MSB3277:             C:\Users\Rabuno\Documents\AHihi\Aivora-Backend\Aivora.Repositories\bin\Debug\net10.0\Aivora.Repositories.dll [C:\Users\Rabuno\Documents\AHihi\Aivora-Backend\Aivora.Services\Aivora.Services.csproj]
fail: Microsoft.EntityFrameworkCore.Database.Connection[20004]
      An error occurred using the connection to database 'aivora' on server 'tcp://localhost:5432'.
crit: Program[0]
      Database migration or seed failed. Startup aborted without deleting the configured database.
      Npgsql.NpgsqlException (0x80004005): Failed to connect to 127.0.0.1:5432
       ---> System.Net.Sockets.SocketException (10061): No connection could be made because the target machine actively refused it.
         at System.Net.Sockets.Socket.AwaitableSocketAsyncEventArgs.ThrowException(SocketError error, CancellationToken cancellationToken)
         at System.Net.Sockets.Socket.AwaitableSocketAsyncEventArgs.System.Threading.Tasks.Sources.IValueTaskSource.GetResult(Int16 token)
         at Npgsql.Internal.NpgsqlConnector.ConnectAsync(NpgsqlTimeout timeout, CancellationToken cancellationToken)
         at Npgsql.Internal.NpgsqlConnector.ConnectAsync(NpgsqlTimeout timeout, CancellationToken cancellationToken)
         at Npgsql.Internal.NpgsqlConnector.RawOpen(NpgsqlTimeout timeout, Boolean async, CancellationToken cancellationToken)
         at Npgsql.Internal.NpgsqlConnector.<Open>g__OpenCore|209_0(NpgsqlConnector conn, String username, SslMode sslMode, GssEncryptionMode gssEncMode, NpgsqlTimeout timeout, Boolean async, CancellationToken cancellationToken)
         at Npgsql.Internal.NpgsqlConnector.Open(NpgsqlTimeout timeout, Boolean async, CancellationToken cancellationToken)
         at Npgsql.PoolingDataSource.OpenNewConnector(NpgsqlConnection conn, NpgsqlTimeout timeout, Boolean async, CancellationToken cancellationToken)
         at Npgsql.PoolingDataSource.<Get>g__RentAsync|33_0(NpgsqlConnection conn, NpgsqlTimeout timeout, Boolean async, CancellationToken cancellationToken)
         at Npgsql.NpgsqlConnection.<Open>g__OpenAsync|42_0(Boolean async, CancellationToken cancellationToken)
         at Microsoft.EntityFrameworkCore.Storage.RelationalConnection.OpenInternalAsync(Boolean errorsExpected, CancellationToken cancellationToken)
         at Microsoft.EntityFrameworkCore.Storage.RelationalConnection.OpenInternalAsync(Boolean errorsExpected, CancellationToken cancellationToken)
         at Microsoft.EntityFrameworkCore.Storage.RelationalConnection.OpenAsync(CancellationToken cancellationToken, Boolean errorsExpected)
         at Microsoft.EntityFrameworkCore.Storage.RelationalCommand.ExecuteReaderAsync(RelationalCommandParameterObject parameterObject, CancellationToken cancellationToken)
         at Microsoft.EntityFrameworkCore.Migrations.HistoryRepository.GetAppliedMigrationsAsync(CancellationToken cancellationToken)
         at Npgsql.EntityFrameworkCore.PostgreSQL.Migrations.Internal.NpgsqlHistoryRepository.GetAppliedMigrationsAsync(CancellationToken cancellationToken)
         at Npgsql.EntityFrameworkCore.PostgreSQL.Migrations.Internal.NpgsqlMigrator.MigrateAsync(String targetMigration, CancellationToken cancellationToken)
         at Aivora.api.Extensions.DatabaseStartupExtensions.MigrateAndSeedDatabaseAsync(WebApplication app) in C:\Users\Rabuno\Documents\AHihi\Aivora-Backend\Aivora.api\Extensions\DatabaseStartupExtensions.cs:line 25
Unhandled exception. Npgsql.NpgsqlException (0x80004005): Failed to connect to 127.0.0.1:5432
 ---> System.Net.Sockets.SocketException (10061): No connection could be made because the target machine actively refused it.
   at System.Net.Sockets.Socket.AwaitableSocketAsyncEventArgs.ThrowException(SocketError error, CancellationToken cancellationToken)
   at System.Net.Sockets.Socket.AwaitableSocketAsyncEventArgs.System.Threading.Tasks.Sources.IValueTaskSource.GetResult(Int16 token)
   at Npgsql.Internal.NpgsqlConnector.ConnectAsync(NpgsqlTimeout timeout, CancellationToken cancellationToken)
   at Npgsql.Internal.NpgsqlConnector.ConnectAsync(NpgsqlTimeout timeout, CancellationToken cancellationToken)
   at Npgsql.Internal.NpgsqlConnector.RawOpen(NpgsqlTimeout timeout, Boolean async, CancellationToken cancellationToken)
   at Npgsql.Internal.NpgsqlConnector.<Open>g__OpenCore|209_0(NpgsqlConnector conn, String username, SslMode sslMode, GssEncryptionMode gssEncMode, NpgsqlTimeout timeout, Boolean async, CancellationToken cancellationToken)
   at Npgsql.Internal.NpgsqlConnector.Open(NpgsqlTimeout timeout, Boolean async, CancellationToken cancellationToken)
   at Npgsql.PoolingDataSource.OpenNewConnector(NpgsqlConnection conn, NpgsqlTimeout timeout, Boolean async, CancellationToken cancellationToken)
   at Npgsql.PoolingDataSource.<Get>g__RentAsync|33_0(NpgsqlConnection conn, NpgsqlTimeout timeout, Boolean async, CancellationToken cancellationToken)
   at Npgsql.NpgsqlConnection.<Open>g__OpenAsync|42_0(Boolean async, CancellationToken cancellationToken)
   at Microsoft.EntityFrameworkCore.Storage.RelationalConnection.OpenInternalAsync(Boolean errorsExpected, CancellationToken cancellationToken)
   at Microsoft.EntityFrameworkCore.Storage.RelationalConnection.OpenInternalAsync(Boolean errorsExpected, CancellationToken cancellationToken)
   at Microsoft.EntityFrameworkCore.Storage.RelationalConnection.OpenAsync(CancellationToken cancellationToken, Boolean errorsExpected)
   at Microsoft.EntityFrameworkCore.Storage.RelationalCommand.ExecuteReaderAsync(RelationalCommandParameterObject parameterObject, CancellationToken cancellationToken)
   at Microsoft.EntityFrameworkCore.Migrations.HistoryRepository.GetAppliedMigrationsAsync(CancellationToken cancellationToken)
   at Npgsql.EntityFrameworkCore.PostgreSQL.Migrations.Internal.NpgsqlHistoryRepository.GetAppliedMigrationsAsync(CancellationToken cancellationToken)
   at Npgsql.EntityFrameworkCore.PostgreSQL.Migrations.Internal.NpgsqlMigrator.MigrateAsync(String targetMigration, CancellationToken cancellationToken)
   at Aivora.api.Extensions.DatabaseStartupExtensions.MigrateAndSeedDatabaseAsync(WebApplication app) in C:\Users\Rabuno\Documents\AHihi\Aivora-Backend\Aivora.api\Extensions\DatabaseStartupExtensions.cs:line 25
   at Program.<Main>$(String[] args) in C:\Users\Rabuno\Documents\AHihi\Aivora-Backend\Aivora.api\Program.cs:line 47
   at Program.<Main>(String[] args)
